Collecting attrs==26.1.0 (from -r /workspace/scratch/2f7cd2d25e09/review_closeout_20260921/assembled/corrections/review_v2_20260920/requirements-tests-lock.txt (line 1))
  Downloading attrs-26.1.0-py3-none-any.whl.metadata (8.8 kB)
Collecting charset-normalizer==3.5.1 (from -r /workspace/scratch/2f7cd2d25e09/review_closeout_20260921/assembled/corrections/review_v2_20260920/requirements-tests-lock.txt (line 2))
  Downloading charset_normalizer-3.5.1-cp312-cp312-manylinux2014_x86_64.manylinux_2_17_x86_64.manylinux_2_28_x86_64.whl.metadata (45 kB)
Collecting dill==0.4.1 (from -r /workspace/scratch/2f7cd2d25e09/review_closeout_20260921/assembled/corrections/review_v2_20260920/requirements-tests-lock.txt (line 3))
  Downloading dill-0.4.1-py3-none-any.whl.metadata (10 kB)
Collecting jsonschema==4.25.1 (from -r /workspace/scratch/2f7cd2d25e09/review_closeout_20260921/assembled/corrections/review_v2_20260920/requirements-tests-lock.txt (line 4))
  Downloading jsonschema-4.25.1-py3-none-any.whl.metadata (7.6 kB)
Collecting jsonschema-specifications==2025.9.1 (from -r /workspace/scratch/2f7cd2d25e09/review_closeout_20260921/assembled/corrections/review_v2_20260920/requirements-tests-lock.txt (line 5))
  Downloading jsonschema_specifications-2025.9.1-py3-none-any.whl.metadata (2.9 kB)
Collecting numpy==2.5.2 (from -r /workspace/scratch/2f7cd2d25e09/review_closeout_20260921/assembled/corrections/review_v2_20260920/requirements-tests-lock.txt (line 6))
  Downloading numpy-2.5.2-cp312-cp312-manylinux_2_27_x86_64.manylinux_2_28_x86_64.whl.metadata (6.6 kB)
Collecting pillow==12.3.0 (from -r /workspace/scratch/2f7cd2d25e09/review_closeout_20260921/assembled/corrections/review_v2_20260920/requirements-tests-lock.txt (line 7))
  Downloading pillow-12.3.0-cp312-cp312-manylinux_2_27_x86_64.manylinux_2_28_x86_64.whl.metadata (9.1 kB)
Collecting psutil==7.2.2 (from -r /workspace/scratch/2f7cd2d25e09/review_closeout_20260921/assembled/corrections/review_v2_20260920/requirements-tests-lock.txt (line 8))
  Downloading psutil-7.2.2-cp36-abi3-manylinux2010_x86_64.manylinux_2_12_x86_64.manylinux_2_28_x86_64.whl.metadata (22 kB)
Collecting python-dateutil==2.9.0.post0 (from -r /workspace/scratch/2f7cd2d25e09/review_closeout_20260921/assembled/corrections/review_v2_20260920/requirements-tests-lock.txt (line 9))
  Downloading python_dateutil-2.9.0.post0-py2.py3-none-any.whl.metadata (8.4 kB)
Collecting PyYAML==6.0.3 (from -r /workspace/scratch/2f7cd2d25e09/review_closeout_20260921/assembled/corrections/review_v2_20260920/requirements-tests-lock.txt (line 10))
  Downloading pyyaml-6.0.3-cp312-cp312-manylinux2014_x86_64.manylinux_2_17_x86_64.manylinux_2_28_x86_64.whl.metadata (2.4 kB)
Collecting qiskit==2.4.2 (from -r /workspace/scratch/2f7cd2d25e09/review_closeout_20260921/assembled/corrections/review_v2_20260920/requirements-tests-lock.txt (line 11))
  Downloading qiskit-2.4.2-cp310-abi3-manylinux_2_28_x86_64.whl.metadata (14 kB)
Collecting qiskit-aer==0.17.2 (from -r /workspace/scratch/2f7cd2d25e09/review_closeout_20260921/assembled/corrections/review_v2_20260920/requirements-tests-lock.txt (line 12))
  Downloading qiskit_aer-0.17.2-cp312-cp312-manylinux_2_17_x86_64.manylinux2014_x86_64.whl.metadata (8.3 kB)
Collecting referencing==0.37.0 (from -r /workspace/scratch/2f7cd2d25e09/review_closeout_20260921/assembled/corrections/review_v2_20260920/requirements-tests-lock.txt (line 13))
  Downloading referencing-0.37.0-py3-none-any.whl.metadata (2.8 kB)
Collecting reportlab==4.4.9 (from -r /workspace/scratch/2f7cd2d25e09/review_closeout_20260921/assembled/corrections/review_v2_20260920/requirements-tests-lock.txt (line 14))
  Downloading reportlab-4.4.9-py3-none-any.whl.metadata (1.7 kB)
Collecting rpds-py==2026.6.3 (from -r /workspace/scratch/2f7cd2d25e09/review_closeout_20260921/assembled/corrections/review_v2_20260920/requirements-tests-lock.txt (line 15))
  Downloading rpds_py-2026.6.3-cp312-cp312-manylinux_2_17_x86_64.manylinux2014_x86_64.whl.metadata (4.1 kB)
Collecting rustworkx==0.18.1 (from -r /workspace/scratch/2f7cd2d25e09/review_closeout_20260921/assembled/corrections/review_v2_20260920/requirements-tests-lock.txt (line 16))
  Downloading rustworkx-0.18.1-cp310-abi3-manylinux2014_x86_64.manylinux_2_17_x86_64.whl.metadata (10 kB)
Collecting scipy==1.18.1 (from -r /workspace/scratch/2f7cd2d25e09/review_closeout_20260921/assembled/corrections/review_v2_20260920/requirements-tests-lock.txt (line 17))
  Downloading scipy-1.18.1-cp312-cp312-manylinux_2_27_x86_64.manylinux_2_28_x86_64.whl.metadata (62 kB)
Collecting six==1.17.0 (from -r /workspace/scratch/2f7cd2d25e09/review_closeout_20260921/assembled/corrections/review_v2_20260920/requirements-tests-lock.txt (line 18))
  Downloading six-1.17.0-py2.py3-none-any.whl.metadata (1.7 kB)
Collecting stevedore==5.9.1 (from -r /workspace/scratch/2f7cd2d25e09/review_closeout_20260921/assembled/corrections/review_v2_20260920/requirements-tests-lock.txt (line 19))
  Downloading stevedore-5.9.1-py3-none-any.whl.metadata (2.3 kB)
Collecting typing_extensions==4.16.0 (from -r /workspace/scratch/2f7cd2d25e09/review_closeout_20260921/assembled/corrections/review_v2_20260920/requirements-tests-lock.txt (line 20))
  Downloading typing_extensions-4.16.0-py3-none-any.whl.metadata (3.3 kB)
Downloading attrs-26.1.0-py3-none-any.whl (67 kB)
Downloading charset_normalizer-3.5.1-cp312-cp312-manylinux2014_x86_64.manylinux_2_17_x86_64.manylinux_2_28_x86_64.whl (248 kB)
Downloading dill-0.4.1-py3-none-any.whl (120 kB)
Downloading jsonschema-4.25.1-py3-none-any.whl (90 kB)
Downloading jsonschema_specifications-2025.9.1-py3-none-any.whl (18 kB)
Downloading numpy-2.5.2-cp312-cp312-manylinux_2_27_x86_64.manylinux_2_28_x86_64.whl (16.7 MB)
   ━━━━━━━━━━━━━━━━━━━━━━━━━━━━━━━━━━━━━━━━ 16.7/16.7 MB 46.3 MB/s eta 0:00:00
Downloading pillow-12.3.0-cp312-cp312-manylinux_2_27_x86_64.manylinux_2_28_x86_64.whl (6.9 MB)
   ━━━━━━━━━━━━━━━━━━━━━━━━━━━━━━━━━━━━━━━━ 6.9/6.9 MB 42.9 MB/s eta 0:00:00
Downloading psutil-7.2.2-cp36-abi3-manylinux2010_x86_64.manylinux_2_12_x86_64.manylinux_2_28_x86_64.whl (155 kB)
Downloading python_dateutil-2.9.0.post0-py2.py3-none-any.whl (229 kB)
Downloading pyyaml-6.0.3-cp312-cp312-manylinux2014_x86_64.manylinux_2_17_x86_64.manylinux_2_28_x86_64.whl (807 kB)
   ━━━━━━━━━━━━━━━━━━━━━━━━━━━━━━━━━━━━━━━━ 807.9/807.9 kB 11.3 MB/s eta 0:00:00
Downloading qiskit-2.4.2-cp310-abi3-manylinux_2_28_x86_64.whl (9.3 MB)
   ━━━━━━━━━━━━━━━━━━━━━━━━━━━━━━━━━━━━━━━━ 9.3/9.3 MB 40.8 MB/s eta 0:00:00
Downloading qiskit_aer-0.17.2-cp312-cp312-manylinux_2_17_x86_64.manylinux2014_x86_64.whl (12.4 MB)
   ━━━━━━━━━━━━━━━━━━━━━━━━━━━━━━━━━━━━━━━━ 12.4/12.4 MB 38.2 MB/s eta 0:00:00
Downloading referencing-0.37.0-py3-none-any.whl (26 kB)
Downloading reportlab-4.4.9-py3-none-any.whl (2.0 MB)
   ━━━━━━━━━━━━━━━━━━━━━━━━━━━━━━━━━━━━━━━━ 2.0/2.0 MB 20.0 MB/s eta 0:00:00
Downloading rpds_py-2026.6.3-cp312-cp312-manylinux_2_17_x86_64.manylinux2014_x86_64.whl (366 kB)
Downloading rustworkx-0.18.1-cp310-abi3-manylinux2014_x86_64.manylinux_2_17_x86_64.whl (2.4 MB)
   ━━━━━━━━━━━━━━━━━━━━━━━━━━━━━━━━━━━━━━━━ 2.4/2.4 MB 27.6 MB/s eta 0:00:00
Downloading scipy-1.18.1-cp312-cp312-manylinux_2_27_x86_64.manylinux_2_28_x86_64.whl (35.3 MB)
   ━━━━━━━━━━━━━━━━━━━━━━━━━━━━━━━━━━━━━━━━ 35.3/35.3 MB 55.9 MB/s eta 0:00:00
Downloading six-1.17.0-py2.py3-none-any.whl (11 kB)
Downloading stevedore-5.9.1-py3-none-any.whl (54 kB)
Downloading typing_extensions-4.16.0-py3-none-any.whl (45 kB)
Installing collected packages: typing_extensions, stevedore, six, rpds-py, PyYAML, psutil, pillow, numpy, dill, charset-normalizer, attrs, scipy, rustworkx, reportlab, referencing, python-dateutil, qiskit, jsonschema-specifications, qiskit-aer, jsonschema
Successfully installed PyYAML-6.0.3 attrs-26.1.0 charset-normalizer-3.5.1 dill-0.4.1 jsonschema-4.25.1 jsonschema-specifications-2025.9.1 numpy-2.5.2 pillow-12.3.0 psutil-7.2.2 python-dateutil-2.9.0.post0 qiskit-2.4.2 qiskit-aer-0.17.2 referencing-0.37.0 reportlab-4.4.9 rpds-py-2026.6.3 rustworkx-0.18.1 scipy-1.18.1 six-1.17.0 stevedore-5.9.1 typing_extensions-4.16.0
