Collecting contourpy==1.4.0 (from -r /workspace/scratch/2f7cd2d25e09/review_closeout_20260921/assembled/corrections/review_v2_20260920/requirements-formal-replay-lock.txt (line 1))
  Downloading contourpy-1.4.0-cp312-cp312-manylinux_2_27_x86_64.manylinux_2_28_x86_64.whl.metadata (3.8 kB)
Collecting cycler==0.12.1 (from -r /workspace/scratch/2f7cd2d25e09/review_closeout_20260921/assembled/corrections/review_v2_20260920/requirements-formal-replay-lock.txt (line 2))
  Downloading cycler-0.12.1-py3-none-any.whl.metadata (3.8 kB)
Collecting dill==0.4.1 (from -r /workspace/scratch/2f7cd2d25e09/review_closeout_20260921/assembled/corrections/review_v2_20260920/requirements-formal-replay-lock.txt (line 3))
  Downloading dill-0.4.1-py3-none-any.whl.metadata (10 kB)
Collecting fonttools==4.65.0 (from -r /workspace/scratch/2f7cd2d25e09/review_closeout_20260921/assembled/corrections/review_v2_20260920/requirements-formal-replay-lock.txt (line 4))
  Downloading fonttools-4.65.0-cp312-cp312-manylinux2014_x86_64.manylinux_2_17_x86_64.whl.metadata (125 kB)
Collecting kiwisolver==1.5.1 (from -r /workspace/scratch/2f7cd2d25e09/review_closeout_20260921/assembled/corrections/review_v2_20260920/requirements-formal-replay-lock.txt (line 5))
  Downloading kiwisolver-1.5.1-cp312-cp312-manylinux2014_x86_64.manylinux_2_17_x86_64.whl.metadata (5.2 kB)
Collecting matplotlib==3.11.2 (from -r /workspace/scratch/2f7cd2d25e09/review_closeout_20260921/assembled/corrections/review_v2_20260920/requirements-formal-replay-lock.txt (line 6))
  Downloading matplotlib-3.11.2-cp312-cp312-manylinux2014_x86_64.manylinux_2_17_x86_64.whl.metadata (80 kB)
Collecting numpy==2.5.3 (from -r /workspace/scratch/2f7cd2d25e09/review_closeout_20260921/assembled/corrections/review_v2_20260920/requirements-formal-replay-lock.txt (line 7))
  Downloading numpy-2.5.3-cp312-cp312-manylinux_2_27_x86_64.manylinux_2_28_x86_64.whl.metadata (6.6 kB)
Collecting packaging==26.3 (from -r /workspace/scratch/2f7cd2d25e09/review_closeout_20260921/assembled/corrections/review_v2_20260920/requirements-formal-replay-lock.txt (line 8))
  Downloading packaging-26.3-py3-none-any.whl.metadata (3.5 kB)
Collecting pillow==12.3.0 (from -r /workspace/scratch/2f7cd2d25e09/review_closeout_20260921/assembled/corrections/review_v2_20260920/requirements-formal-replay-lock.txt (line 9))
  Downloading pillow-12.3.0-cp312-cp312-manylinux_2_27_x86_64.manylinux_2_28_x86_64.whl.metadata (9.1 kB)
Collecting pyparsing==3.3.2 (from -r /workspace/scratch/2f7cd2d25e09/review_closeout_20260921/assembled/corrections/review_v2_20260920/requirements-formal-replay-lock.txt (line 10))
  Downloading pyparsing-3.3.2-py3-none-any.whl.metadata (5.8 kB)
Collecting pypdf==6.10.0 (from -r /workspace/scratch/2f7cd2d25e09/review_closeout_20260921/assembled/corrections/review_v2_20260920/requirements-formal-replay-lock.txt (line 11))
  Downloading pypdf-6.10.0-py3-none-any.whl.metadata (7.1 kB)
Collecting python-dateutil==2.9.0.post0 (from -r /workspace/scratch/2f7cd2d25e09/review_closeout_20260921/assembled/corrections/review_v2_20260920/requirements-formal-replay-lock.txt (line 12))
  Downloading python_dateutil-2.9.0.post0-py2.py3-none-any.whl.metadata (8.4 kB)
Collecting PyYAML==6.0.3 (from -r /workspace/scratch/2f7cd2d25e09/review_closeout_20260921/assembled/corrections/review_v2_20260920/requirements-formal-replay-lock.txt (line 13))
  Downloading pyyaml-6.0.3-cp312-cp312-manylinux2014_x86_64.manylinux_2_17_x86_64.manylinux_2_28_x86_64.whl.metadata (2.4 kB)
Collecting qiskit==2.5.2 (from -r /workspace/scratch/2f7cd2d25e09/review_closeout_20260921/assembled/corrections/review_v2_20260920/requirements-formal-replay-lock.txt (line 14))
  Downloading qiskit-2.5.2-cp310-abi3-manylinux_2_28_x86_64.whl.metadata (14 kB)
Collecting rustworkx==0.18.1 (from -r /workspace/scratch/2f7cd2d25e09/review_closeout_20260921/assembled/corrections/review_v2_20260920/requirements-formal-replay-lock.txt (line 15))
  Downloading rustworkx-0.18.1-cp310-abi3-manylinux2014_x86_64.manylinux_2_17_x86_64.whl.metadata (10 kB)
Collecting scipy==1.18.1 (from -r /workspace/scratch/2f7cd2d25e09/review_closeout_20260921/assembled/corrections/review_v2_20260920/requirements-formal-replay-lock.txt (line 16))
  Downloading scipy-1.18.1-cp312-cp312-manylinux_2_27_x86_64.manylinux_2_28_x86_64.whl.metadata (62 kB)
Collecting six==1.17.0 (from -r /workspace/scratch/2f7cd2d25e09/review_closeout_20260921/assembled/corrections/review_v2_20260920/requirements-formal-replay-lock.txt (line 17))
  Downloading six-1.17.0-py2.py3-none-any.whl.metadata (1.7 kB)
Collecting stevedore==5.9.1 (from -r /workspace/scratch/2f7cd2d25e09/review_closeout_20260921/assembled/corrections/review_v2_20260920/requirements-formal-replay-lock.txt (line 18))
  Downloading stevedore-5.9.1-py3-none-any.whl.metadata (2.3 kB)
Collecting typing_extensions==4.16.0 (from -r /workspace/scratch/2f7cd2d25e09/review_closeout_20260921/assembled/corrections/review_v2_20260920/requirements-formal-replay-lock.txt (line 19))
  Downloading typing_extensions-4.16.0-py3-none-any.whl.metadata (3.3 kB)
Downloading contourpy-1.4.0-cp312-cp312-manylinux_2_27_x86_64.manylinux_2_28_x86_64.whl (383 kB)
Downloading cycler-0.12.1-py3-none-any.whl (8.3 kB)
Downloading dill-0.4.1-py3-none-any.whl (120 kB)
Downloading fonttools-4.65.0-cp312-cp312-manylinux2014_x86_64.manylinux_2_17_x86_64.whl (5.4 MB)
   ━━━━━━━━━━━━━━━━━━━━━━━━━━━━━━━━━━━━━━━━ 5.4/5.4 MB 42.4 MB/s eta 0:00:00
Downloading kiwisolver-1.5.1-cp312-cp312-manylinux2014_x86_64.manylinux_2_17_x86_64.whl (1.5 MB)
   ━━━━━━━━━━━━━━━━━━━━━━━━━━━━━━━━━━━━━━━━ 1.5/1.5 MB 25.6 MB/s eta 0:00:00
Downloading matplotlib-3.11.2-cp312-cp312-manylinux2014_x86_64.manylinux_2_17_x86_64.whl (9.9 MB)
   ━━━━━━━━━━━━━━━━━━━━━━━━━━━━━━━━━━━━━━━━ 9.9/9.9 MB 65.6 MB/s eta 0:00:00
Downloading numpy-2.5.3-cp312-cp312-manylinux_2_27_x86_64.manylinux_2_28_x86_64.whl (16.7 MB)
   ━━━━━━━━━━━━━━━━━━━━━━━━━━━━━━━━━━━━━━━━ 16.7/16.7 MB 45.1 MB/s eta 0:00:00
Downloading packaging-26.3-py3-none-any.whl (129 kB)
Downloading pillow-12.3.0-cp312-cp312-manylinux_2_27_x86_64.manylinux_2_28_x86_64.whl (6.9 MB)
   ━━━━━━━━━━━━━━━━━━━━━━━━━━━━━━━━━━━━━━━━ 6.9/6.9 MB 53.3 MB/s eta 0:00:00
Downloading pyparsing-3.3.2-py3-none-any.whl (122 kB)
Downloading pypdf-6.10.0-py3-none-any.whl (334 kB)
Downloading python_dateutil-2.9.0.post0-py2.py3-none-any.whl (229 kB)
Downloading pyyaml-6.0.3-cp312-cp312-manylinux2014_x86_64.manylinux_2_17_x86_64.manylinux_2_28_x86_64.whl (807 kB)
   ━━━━━━━━━━━━━━━━━━━━━━━━━━━━━━━━━━━━━━━━ 807.9/807.9 kB 12.1 MB/s eta 0:00:00
Downloading qiskit-2.5.2-cp310-abi3-manylinux_2_28_x86_64.whl (9.8 MB)
   ━━━━━━━━━━━━━━━━━━━━━━━━━━━━━━━━━━━━━━━━ 9.8/9.8 MB 59.8 MB/s eta 0:00:00
Downloading rustworkx-0.18.1-cp310-abi3-manylinux2014_x86_64.manylinux_2_17_x86_64.whl (2.4 MB)
   ━━━━━━━━━━━━━━━━━━━━━━━━━━━━━━━━━━━━━━━━ 2.4/2.4 MB 26.6 MB/s eta 0:00:00
Downloading scipy-1.18.1-cp312-cp312-manylinux_2_27_x86_64.manylinux_2_28_x86_64.whl (35.3 MB)
   ━━━━━━━━━━━━━━━━━━━━━━━━━━━━━━━━━━━━━━━━ 35.3/35.3 MB 57.9 MB/s eta 0:00:00
Downloading six-1.17.0-py2.py3-none-any.whl (11 kB)
Downloading stevedore-5.9.1-py3-none-any.whl (54 kB)
Downloading typing_extensions-4.16.0-py3-none-any.whl (45 kB)
Installing collected packages: typing_extensions, stevedore, six, PyYAML, pypdf, pyparsing, pillow, packaging, numpy, kiwisolver, fonttools, dill, cycler, scipy, rustworkx, python-dateutil, contourpy, qiskit, matplotlib
Successfully installed PyYAML-6.0.3 contourpy-1.4.0 cycler-0.12.1 dill-0.4.1 fonttools-4.65.0 kiwisolver-1.5.1 matplotlib-3.11.2 numpy-2.5.3 packaging-26.3 pillow-12.3.0 pyparsing-3.3.2 pypdf-6.10.0 python-dateutil-2.9.0.post0 qiskit-2.5.2 rustworkx-0.18.1 scipy-1.18.1 six-1.17.0 stevedore-5.9.1 typing_extensions-4.16.0
